// Jest Snapshot v1, https://goo.gl/fbAQLP

exports[`Register.vue renders Register.vue 1`] = `
<div class="row">
  <div class="col-md-12">
    Register Form
  </div>
</div>
`;
